// Jest Snapshot v1, https://goo.gl/fbAQLP

exports[`can match snapshot 1`] = `
<section
  className="container"
>
  <header
    className="home-header"
  >
    <section
      className="dropzone"
      onBlur={[Function]}
      onClick={[Function]}
      onDragEnter={[Function]}
      onDragLeave={[Function]}
      onDragOver={[Function]}
      onDrop={[Function]}
      onFocus={[Function]}
      onKeyDown={[Function]}
      tabIndex={0}
    >
      <input
        accept=".pdf"
        autoComplete="off"
        multiple={true}
        onChange={[Function]}
        onClick={[Function]}
        style={
          Object {
            "display": "none",
          }
        }
        tabIndex={-1}
        type="file"
      />
      <div />
      <div
        className="header-title"
      >
        <p
          className="header-book-title"
        >
          ALICE'S ADVENTURES IN WONDERLAND.pdf
        </p>
        <i>
          Click to open a book
        </i>
      </div>
    </section>
    <div
      className="lang-input"
    >
      <div
        aria-expanded={false}
        aria-owns={null}
        className="MuiAutocomplete-root lang-combo-box MuiAutocomplete-hasClearIcon MuiAutocomplete-hasPopupIcon"
        onClick={[Function]}
        onKeyDown={[Function]}
        onMouseDown={[Function]}
        role="combobox"
      >
        <div
          className="MuiFormControl-root MuiTextField-root MuiFormControl-fullWidth"
        >
          <label
            className="MuiFormLabel-root MuiInputLabel-root MuiInputLabel-formControl MuiInputLabel-animated"
            data-shrink={false}
            id="undefined-label"
          >
            Inlang
          </label>
          <div
            className="MuiInputBase-root MuiInput-root MuiInput-underline MuiAutocomplete-inputRoot MuiInputBase-fullWidth MuiInput-fullWidth MuiInputBase-formControl MuiInput-formControl MuiInputBase-adornedEnd"
            onClick={[Function]}
          >
            <input
              aria-activedescendant={null}
              aria-autocomplete="list"
              aria-controls={null}
              aria-invalid={false}
              autoCapitalize="none"
              autoComplete="off"
              autoFocus={false}
              className="MuiInputBase-input MuiInput-input MuiAutocomplete-input MuiAutocomplete-inputFocused MuiInputBase-inputAdornedEnd"
              disabled={false}
              onAnimationStart={[Function]}
              onBlur={[Function]}
              onChange={[Function]}
              onFocus={[Function]}
              onMouseDown={[Function]}
              required={false}
              spellCheck="false"
              type="text"
              value=""
            />
            <div
              className="MuiAutocomplete-endAdornment"
            >
              <button
                aria-label="Clear"
                className="MuiButtonBase-root MuiIconButton-root MuiAutocomplete-clearIndicator MuiAutocomplete-clearIndicatorDirty"
                disabled={false}
                onBlur={[Function]}
                onClick={[Function]}
                onDragLeave={[Function]}
                onFocus={[Function]}
                onKeyDown={[Function]}
                onKeyUp={[Function]}
                onMouseDown={[Function]}
                onMouseLeave={[Function]}
                onMouseUp={[Function]}
                onTouchEnd={[Function]}
                onTouchMove={[Function]}
                onTouchStart={[Function]}
                tabIndex={-1}
                title="Clear"
                type="button"
              >
                <span
                  className="MuiIconButton-label"
                >
                  <svg
                    aria-hidden={true}
                    className="MuiSvgIcon-root MuiSvgIcon-fontSizeSmall"
                    focusable="false"
                    viewBox="0 0 24 24"
                  >
                    <path
                      d="M19 6.41L17.59 5 12 10.59 6.41 5 5 6.41 10.59 12 5 17.59 6.41 19 12 13.41 17.59 19 19 17.59 13.41 12z"
                    />
                  </svg>
                </span>
              </button>
              <button
                aria-label="Open"
                className="MuiButtonBase-root MuiIconButton-root MuiAutocomplete-popupIndicator"
                disabled={false}
                onBlur={[Function]}
                onClick={[Function]}
                onDragLeave={[Function]}
                onFocus={[Function]}
                onKeyDown={[Function]}
                onKeyUp={[Function]}
                onMouseDown={[Function]}
                onMouseLeave={[Function]}
                onMouseUp={[Function]}
                onTouchEnd={[Function]}
                onTouchMove={[Function]}
                onTouchStart={[Function]}
                tabIndex={-1}
                title="Open"
                type="button"
              >
                <span
                  className="MuiIconButton-label"
                >
                  <svg
                    aria-hidden={true}
                    className="MuiSvgIcon-root"
                    focusable="false"
                    viewBox="0 0 24 24"
                  >
                    <path
                      d="M7 10l5 5 5-5z"
                    />
                  </svg>
                </span>
              </button>
            </div>
          </div>
        </div>
      </div>
      <div
        aria-expanded={false}
        aria-owns={null}
        className="MuiAutocomplete-root lang-combo-box MuiAutocomplete-hasClearIcon MuiAutocomplete-hasPopupIcon"
        onClick={[Function]}
        onKeyDown={[Function]}
        onMouseDown={[Function]}
        role="combobox"
      >
        <div
          className="MuiFormControl-root MuiTextField-root MuiFormControl-fullWidth"
        >
          <label
            className="MuiFormLabel-root MuiInputLabel-root MuiInputLabel-formControl MuiInputLabel-animated"
            data-shrink={false}
            id="undefined-label"
          >
            Outlang
          </label>
          <div
            className="MuiInputBase-root MuiInput-root MuiInput-underline MuiAutocomplete-inputRoot MuiInputBase-fullWidth MuiInput-fullWidth MuiInputBase-formControl MuiInput-formControl MuiInputBase-adornedEnd"
            onClick={[Function]}
          >
            <input
              aria-activedescendant={null}
              aria-autocomplete="list"
              aria-controls={null}
              aria-invalid={false}
              autoCapitalize="none"
              autoComplete="off"
              autoFocus={false}
              className="MuiInputBase-input MuiInput-input MuiAutocomplete-input MuiAutocomplete-inputFocused MuiInputBase-inputAdornedEnd"
              disabled={false}
              onAnimationStart={[Function]}
              onBlur={[Function]}
              onChange={[Function]}
              onFocus={[Function]}
              onMouseDown={[Function]}
              required={false}
              spellCheck="false"
              type="text"
              value=""
            />
            <div
              className="MuiAutocomplete-endAdornment"
            >
              <button
                aria-label="Clear"
                className="MuiButtonBase-root MuiIconButton-root MuiAutocomplete-clearIndicator MuiAutocomplete-clearIndicatorDirty"
                disabled={false}
                onBlur={[Function]}
                onClick={[Function]}
                onDragLeave={[Function]}
                onFocus={[Function]}
                onKeyDown={[Function]}
                onKeyUp={[Function]}
                onMouseDown={[Function]}
                onMouseLeave={[Function]}
                onMouseUp={[Function]}
                onTouchEnd={[Function]}
                onTouchMove={[Function]}
                onTouchStart={[Function]}
                tabIndex={-1}
                title="Clear"
                type="button"
              >
                <span
                  className="MuiIconButton-label"
                >
                  <svg
                    aria-hidden={true}
                    className="MuiSvgIcon-root MuiSvgIcon-fontSizeSmall"
                    focusable="false"
                    viewBox="0 0 24 24"
                  >
                    <path
                      d="M19 6.41L17.59 5 12 10.59 6.41 5 5 6.41 10.59 12 5 17.59 6.41 19 12 13.41 17.59 19 19 17.59 13.41 12z"
                    />
                  </svg>
                </span>
              </button>
              <button
                aria-label="Open"
                className="MuiButtonBase-root MuiIconButton-root MuiAutocomplete-popupIndicator"
                disabled={false}
                onBlur={[Function]}
                onClick={[Function]}
                onDragLeave={[Function]}
                onFocus={[Function]}
                onKeyDown={[Function]}
                onKeyUp={[Function]}
                onMouseDown={[Function]}
                onMouseLeave={[Function]}
                onMouseUp={[Function]}
                onTouchEnd={[Function]}
                onTouchMove={[Function]}
                onTouchStart={[Function]}
                tabIndex={-1}
                title="Open"
                type="button"
              >
                <span
                  className="MuiIconButton-label"
                >
                  <svg
                    aria-hidden={true}
                    className="MuiSvgIcon-root"
                    focusable="false"
                    viewBox="0 0 24 24"
                  >
                    <path
                      d="M7 10l5 5 5-5z"
                    />
                  </svg>
                </span>
              </button>
            </div>
          </div>
        </div>
      </div>
    </div>
  </header>
  <div
    className="reading-container"
  >
    <button
      className="MuiButtonBase-root MuiButton-root MuiButton-text nav-btn-back Mui-disabled Mui-disabled"
      disabled={true}
      onBlur={[Function]}
      onClick={[Function]}
      onDragLeave={[Function]}
      onFocus={[Function]}
      onKeyDown={[Function]}
      onKeyUp={[Function]}
      onMouseDown={[Function]}
      onMouseLeave={[Function]}
      onMouseUp={[Function]}
      onTouchEnd={[Function]}
      onTouchMove={[Function]}
      onTouchStart={[Function]}
      tabIndex={-1}
      type="button"
    >
      <span
        className="MuiButton-label"
      >
        &lt;
      </span>
    </button>
    <div
      className="react-pdf__Document reading-document"
    >
      <div
        className="react-pdf__message react-pdf__message--loading"
      >
        Loading PDF…
      </div>
    </div>
    <button
      className="MuiButtonBase-root MuiButton-root MuiButton-text nav-btn-forward"
      disabled={false}
      onBlur={[Function]}
      onClick={[Function]}
      onDragLeave={[Function]}
      onFocus={[Function]}
      onKeyDown={[Function]}
      onKeyUp={[Function]}
      onMouseDown={[Function]}
      onMouseLeave={[Function]}
      onMouseUp={[Function]}
      onTouchEnd={[Function]}
      onTouchMove={[Function]}
      onTouchStart={[Function]}
      tabIndex={0}
      type="button"
    >
      <span
        className="MuiButton-label"
      >
        &gt;
      </span>
    </button>
  </div>
  <footer
    className="home-footer"
  >
    <span
      className="MuiSlider-root MuiSlider-colorPrimary"
      onMouseDown={[Function]}
    >
      <span
        className="MuiSlider-rail"
      />
      <span
        className="MuiSlider-track"
        style={
          Object {
            "left": "0%",
            "width": "49.74874371859296%",
          }
        }
      />
      <input
        type="hidden"
        value="100"
      />
      <span
        aria-orientation="horizontal"
        aria-valuemax={200}
        aria-valuemin={1}
        aria-valuenow={100}
        className="MuiSlider-thumb MuiSlider-thumbColorPrimary PrivateValueLabel-thumb-1"
        data-index={0}
        onBlur={[Function]}
        onFocus={[Function]}
        onKeyDown={[Function]}
        onMouseLeave={[Function]}
        onMouseOver={[Function]}
        role="slider"
        style={
          Object {
            "left": "49.74874371859296%",
          }
        }
        tabIndex={0}
      >
        <span
          className="PrivateValueLabel-offset-3 MuiSlider-valueLabel"
        >
          <span
            className="PrivateValueLabel-circle-4"
          >
            <span
              className="PrivateValueLabel-label-5"
            >
              100
            </span>
          </span>
        </span>
      </span>
    </span>
    <div
      className="page-input"
    >
      <form
        onSubmit={[Function]}
      >
        <div
          className="MuiFormControl-root MuiTextField-root"
        >
          <div
            className="MuiInputBase-root MuiOutlinedInput-root MuiInputBase-formControl"
            onClick={[Function]}
          >
            <input
              aria-invalid={false}
              autoFocus={false}
              className="MuiInputBase-input MuiOutlinedInput-input"
              disabled={false}
              onAnimationStart={[Function]}
              onBlur={[Function]}
              onChange={[Function]}
              onFocus={[Function]}
              required={false}
              style={
                Object {
                  "textAlign": "right",
                }
              }
              type="text"
              value={1}
            />
            <fieldset
              aria-hidden={true}
              className="PrivateNotchedOutline-root-6 MuiOutlinedInput-notchedOutline"
              style={
                Object {
                  "paddingLeft": 8,
                }
              }
            >
              <legend
                className="PrivateNotchedOutline-legend-7"
                style={
                  Object {
                    "width": 0.01,
                  }
                }
              >
                <span
                  dangerouslySetInnerHTML={
                    Object {
                      "__html": "&#8203;",
                    }
                  }
                />
              </legend>
            </fieldset>
          </div>
        </div>
      </form>
      <div
        className="page-input-total"
      >
        
      </div>
    </div>
  </footer>
</section>
`;
